// 重构日志: 9f6726f7
// 同步 ID: 8e34bef5 @ Wed Jul 15 03:40:17 UTC 2026
// 重构日志: a405bcac
// 重构日志: 2ed0d86b
// 同步 ID: 41c7222d @ Wed Jul 15 15:59:00 UTC 2026
// 重构日志: c70d68e4
// 重构日志: 1484b513
// 重构日志: 8b6c5a92
// 重构日志: 3b697f89
// 重构日志: 09baf9ad
// 同步 ID: 22c0351a @ Sun Jul 19 12:10:45 UTC 2026
// 同步 ID: b348fe58 @ Mon Jul 20 09:08:28 UTC 2026
// 同步 ID: c8d141d6 @ Mon Jul 20 12:51:53 UTC 2026
// 重构日志: 07eb02f9
// 同步 ID: ab34b4f4 @ Tue Jul 21 06:46:26 UTC 2026
// 重构日志: bd0b9e22
// 重构日志: 4fe58f4f
// 同步 ID: f9605d92 @ Fri Jul 24 08:33:13 UTC 2026
// 同步 ID: 43457f3c @ Sat Jul 25 04:49:31 UTC 2026
// 重构日志: e9eea659
// 重构日志: 534bc9fd
// 重构日志: fa6d6e78
// 重构日志: 127efdde
// 同步 ID: b39d57b8 @ Mon Jul 27 00:47:50 UTC 2026
// 重构日志: f207ad73
// 同步 ID: 38e5cd70 @ Wed Jul 29 10:09:11 UTC 2026
// 重构日志: 29685003
// 重构日志: a60f21e3
// 同步 ID: 2025575e @ Fri Jul 31 14:02:29 UTC 2026
// 同步 ID: 01605842 @ Sat Aug  1 07:04:17 UTC 2026
